[2m11:52:10 AM[22m [31m[1m[vite][22m[39m [31mInternal server error: D:\AI-Powered Resume Analyzer & Career Assistant\frontend\src\App.tsx: Identifier 'data' has already been declared. (204:12)

[0m [90m 202 |[31m         [36mthrow[31m [36mnew[31m [33mError[31m(data[33m.[31mdetail [33m||[31m [32m'Cover letter generation failed'[31m)[33m;[31m
 [90m 203 |[31m       }
[31m[1m>[22m[31m[90m 204 |[31m       [36mconst[31m data [33m=[31m [36mawait[31m response[33m.[31mjson() [36mas[31m [33mCoverLetterResponse[31m[33m;[31m
 [90m     |[31m             [31m[1m^[22m[31m
 [90m 205 |[31m       [36mif[31m ([36mtypeof[31m data[33m.[31mcover_letter [33m!==[31m [32m'string'[31m [33m||[31m [33m![31mdata[33m.[31mcover_letter[33m.[31mtrim()) {
 [90m 206 |[31m         [36mthrow[31m [36mnew[31m [33mError[31m([32m'Cover letter generation returned an empty response.'[31m)[33m;[31m
 [90m 207 |[31m       }[0m[39m
  Plugin: [35mvite:react-babel[39m
  File: [36mD:/AI-Powered Resume Analyzer & Career Assistant/frontend/src/App.tsx[39m:204:12
[33m  204|        const data = await response.json() as CoverLetterResponse;
  205|        if (typeof data.cover_letter !== 'string' || !data.cover_letter.trim()) {
  206|          throw new Error('Cover letter generation returned an empty response.');
     |                     ^
  207|        }
  208|        setCoverLetter(data.cover_letter);[39m
      at constructor (D:\AI-Powered Resume Analyzer & Career Assistant\frontend\node_modules\@babel\parser\lib\index.js:365:19)
      at TypeScriptParserMixin.raise (D:\AI-Powered Resume Analyzer & Career Assistant\frontend\node_modules\@babel\parser\lib\index.js:6616:19)
      at TypeScriptScopeHandler.checkRedeclarationInScope (D:\AI-Powered Resume Analyzer & Career Assistant\frontend\node_modules\@babel\parser\lib\index.js:1619:19)
      at TypeScriptScopeHandler.declareName (D:\AI-Powered Resume Analyzer & Career Assistant\frontend\node_modules\@babel\parser\lib\index.js:1585:12)
      at TypeScriptScopeHandler.declareName (D:\AI-Powered Resume Analyzer & Career Assistant\frontend\node_modules\@babel\parser\lib\index.js:4892:11)
      at TypeScriptParserMixin.declareNameFromIdentifier (D:\AI-Powered Resume Analyzer & Career Assistant\frontend\node_modules\@babel\parser\lib\index.js:7584:16)
      at TypeScriptParserMixin.checkIdentifier (D:\AI-Powered Resume Analyzer & Career Assistant\frontend\node_modules\@babel\parser\lib\index.js:7580:12)
      at TypeScriptParserMixin.checkLVal (D:\AI-Powered Resume Analyzer & Career Assistant\frontend\node_modules\@babel\parser\lib\index.js:7517:12)
      at TypeScriptParserMixin.parseVarId (D:\AI-Powered Resume Analyzer & Career Assistant\frontend\node_modules\@babel\parser\lib\index.js:13429:10)
      at TypeScriptParserMixin.parseVarId (D:\AI-Powered Resume Analyzer & Career Assistant\frontend\node_modules\@babel\parser\lib\index.js:9769:11)
      at TypeScriptParserMixin.parseVar (D:\AI-Powered Resume Analyzer & Career Assistant\frontend\node_modules\@babel\parser\lib\index.js:13400:12)
      at TypeScriptParserMixin.parseVarStatement (D:\AI-Powered Resume Analyzer & Career Assistant\frontend\node_modules\@babel\parser\lib\index.js:13247:10)
      at TypeScriptParserMixin.parseVarStatement (D:\AI-Powered Resume Analyzer & Career Assistant\frontend\node_modules\@babel\parser\lib\index.js:9425:31)
      at TypeScriptParserMixin.parseStatementContent (D:\AI-Powered Resume Analyzer & Career Assistant\frontend\node_modules\@babel\parser\lib\index.js:12868:23)
      at TypeScriptParserMixin.parseStatementContent (D:\AI-Powered Resume Analyzer & Career Assistant\frontend\node_modules\@babel\parser\lib\index.js:9525:18)
      at TypeScriptParserMixin.parseStatementLike (D:\AI-Powered Resume Analyzer & Career Assistant\frontend\node_modules\@babel\parser\lib\index.js:12784:17)
      at TypeScriptParserMixin.parseStatementListItem (D:\AI-Powered Resume Analyzer & Career Assistant\frontend\node_modules\@babel\parser\lib\index.js:12764:17)
      at TypeScriptParserMixin.parseBlockOrModuleBlockBody (D:\AI-Powered Resume Analyzer & Career Assistant\frontend\node_modules\@babel\parser\lib\index.js:13333:61)
      at TypeScriptParserMixin.parseBlockBody (D:\AI-Powered Resume Analyzer & Career Assistant\frontend\node_modules\@babel\parser\lib\index.js:13326:10)
      at TypeScriptParserMixin.parseBlock (D:\AI-Powered Resume Analyzer & Career Assistant\frontend\node_modules\@babel\parser\lib\index.js:13314:10)
      at TypeScriptParserMixin.parseTryStatement (D:\AI-Powered Resume Analyzer & Career Assistant\frontend\node_modules\@babel\parser\lib\index.js:13222:23)
      at TypeScriptParserMixin.parseStatementContent (D:\AI-Powered Resume Analyzer & Career Assistant\frontend\node_modules\@babel\parser\lib\index.js:12821:21)
      at TypeScriptParserMixin.parseStatementContent (D:\AI-Powered Resume Analyzer & Career Assistant\frontend\node_modules\@babel\parser\lib\index.js:9525:18)
      at TypeScriptParserMixin.parseStatementLike (D:\AI-Powered Resume Analyzer & Career Assistant\frontend\node_modules\@babel\parser\lib\index.js:12784:17)
      at TypeScriptParserMixin.parseStatementListItem (D:\AI-Powered Resume Analyzer & Career Assistant\frontend\node_modules\@babel\parser\lib\index.js:12764:17)
      at TypeScriptParserMixin.parseBlockOrModuleBlockBody (D:\AI-Powered Resume Analyzer & Career Assistant\frontend\node_modules\@babel\parser\lib\index.js:13333:61)
      at TypeScriptParserMixin.parseBlockBody (D:\AI-Powered Resume Analyzer & Career Assistant\frontend\node_modules\@babel\parser\lib\index.js:13326:10)
      at TypeScriptParserMixin.parseBlock (D:\AI-Powered Resume Analyzer & Career Assistant\frontend\node_modules\@babel\parser\lib\index.js:13314:10)
      at TypeScriptParserMixin.parseFunctionBody (D:\AI-Powered Resume Analyzer & Career Assistant\frontend\node_modules\@babel\parser\lib\index.js:12117:24)
      at TypeScriptParserMixin.parseArrowExpression (D:\AI-Powered Resume Analyzer & Career Assistant\frontend\node_modules\@babel\parser\lib\index.js:12092:10)
      at TypeScriptParserMixin.parseAsyncArrowFromCallExpression (D:\AI-Powered Resume Analyzer & Career Assistant\frontend\node_modules\@babel\parser\lib\index.js:11281:10)
      at TypeScriptParserMixin.parseAsyncArrowFromCallExpression (D:\AI-Powered Resume Analyzer & Career Assistant\frontend\node_modules\@babel\parser\lib\index.js:9783:18)
      at TypeScriptParserMixin.parseCoverCallAndAsyncArrowHead (D:\AI-Powered Resume Analyzer & Career Assistant\frontend\node_modules\@babel\parser\lib\index.js:11211:27)
      at TypeScriptParserMixin.parseSubscript (D:\AI-Powered Resume Analyzer & Career Assistant\frontend\node_modules\@babel\parser\lib\index.js:11137:19)
      at TypeScriptParserMixin.parseSubscript (D:\AI-Powered Resume Analyzer & Career Assistant\frontend\node_modules\@babel\parser\lib\index.js:9289:18)
      at TypeScriptParserMixin.parseSubscripts (D:\AI-Powered Resume Analyzer & Career Assistant\frontend\node_modules\@babel\parser\lib\index.js:11111:19)
      at TypeScriptParserMixin.parseExprSubscripts (D:\AI-Powered Resume Analyzer & Career Assistant\frontend\node_modules\@babel\parser\lib\index.js:11102:17)
      at TypeScriptParserMixin.parseUpdate (D:\AI-Powered Resume Analyzer & Career Assistant\frontend\node_modules\@babel\parser\lib\index.js:11083:21)
      at TypeScriptParserMixin.parseMaybeUnary (D:\AI-Powered Resume Analyzer & Career Assistant\frontend\node_modules\@babel\parser\lib\index.js:11063:23)
      at TypeScriptParserMixin.parseMaybeUnary (D:\AI-Powered Resume Analyzer & Career Assistant\frontend\node_modules\@babel\parser\lib\index.js:9854:18)
      at TypeScriptParserMixin.parseMaybeUnaryOrPrivate (D:\AI-Powered Resume Analyzer & Career Assistant\frontend\node_modules\@babel\parser\lib\index.js:10916:61)
      at TypeScriptParserMixin.parseExprOps (D:\AI-Powered Resume Analyzer & Career Assistant\frontend\node_modules\@babel\parser\lib\index.js:10921:23)
      at TypeScriptParserMixin.parseMaybeConditional (D:\AI-Powered Resume Analyzer & Career Assistant\frontend\node_modules\@babel\parser\lib\index.js:10898:23)
      at TypeScriptParserMixin.parseMaybeAssign (D:\AI-Powered Resume Analyzer & Career Assistant\frontend\node_modules\@babel\parser\lib\index.js:10848:21)
      at TypeScriptParserMixin.parseMaybeAssign (D:\AI-Powered Resume Analyzer & Career Assistant\frontend\node_modules\@babel\parser\lib\index.js:9803:20)
      at D:\AI-Powered Resume Analyzer & Career Assistant\frontend\node_modules\@babel\parser\lib\index.js:10817:39
      at TypeScriptParserMixin.allowInAnd (D:\AI-Powered Resume Analyzer & Career Assistant\frontend\node_modules\@babel\parser\lib\index.js:12438:16)
      at TypeScriptParserMixin.parseMaybeAssignAllowIn (D:\AI-Powered Resume Analyzer & Career Assistant\frontend\node_modules\@babel\parser\lib\index.js:10817:17)
      at TypeScriptParserMixin.parseVar (D:\AI-Powered Resume Analyzer & Career Assistant\frontend\node_modules\@babel\parser\lib\index.js:13401:91)
      at TypeScriptParserMixin.parseVarStatement (D:\AI-Powered Resume Analyzer & Career Assistant\frontend\node_modules\@babel\parser\lib\index.js:13247:10)
[2m11:52:10 AM[22m [31m[1m[vite][22m[39m [31mInternal server error: D:\AI-Powered Resume Analyzer & Career Assistant\frontend\src\App.tsx: Identifier 'data' has already been declared. (204:12)

[0m [90m 202 |[31m         [36mthrow[31m [36mnew[31m [33mError[31m(data[33m.[31mdetail [33m||[31m [32m'Cover letter generation failed'[31m)[33m;[31m
 [90m 203 |[31m       }
[31m[1m>[22m[31m[90m 204 |[31m       [36mconst[31m data [33m=[31m [36mawait[31m response[33m.[31mjson() [36mas[31m [33mCoverLetterResponse[31m[33m;[31m
 [90m     |[31m             [31m[1m^[22m[31m
 [90m 205 |[31m       [36mif[31m ([36mtypeof[31m data[33m.[31mcover_letter [33m!==[31m [32m'string'[31m [33m||[31m [33m![31mdata[33m.[31mcover_letter[33m.[31mtrim()) {
 [90m 206 |[31m         [36mthrow[31m [36mnew[31m [33mError[31m([32m'Cover letter generation returned an empty response.'[31m)[33m;[31m
 [90m 207 |[31m       }[0m[39m
  Plugin: [35mvite:react-babel[39m
  File: [36mD:/AI-Powered Resume Analyzer & Career Assistant/frontend/src/App.tsx[39m:204:12
[33m  204|        const data = await response.json() as CoverLetterResponse;
  205|        if (typeof data.cover_letter !== 'string' || !data.cover_letter.trim()) {
  206|          throw new Error('Cover letter generation returned an empty response.');
     |                     ^
  207|        }
  208|        setCoverLetter(data.cover_letter);[39m
      at constructor (D:\AI-Powered Resume Analyzer & Career Assistant\frontend\node_modules\@babel\parser\lib\index.js:365:19)
      at TypeScriptParserMixin.raise (D:\AI-Powered Resume Analyzer & Career Assistant\frontend\node_modules\@babel\parser\lib\index.js:6616:19)
      at TypeScriptScopeHandler.checkRedeclarationInScope (D:\AI-Powered Resume Analyzer & Career Assistant\frontend\node_modules\@babel\parser\lib\index.js:1619:19)
      at TypeScriptScopeHandler.declareName (D:\AI-Powered Resume Analyzer & Career Assistant\frontend\node_modules\@babel\parser\lib\index.js:1585:12)
      at TypeScriptScopeHandler.declareName (D:\AI-Powered Resume Analyzer & Career Assistant\frontend\node_modules\@babel\parser\lib\index.js:4892:11)
      at TypeScriptParserMixin.declareNameFromIdentifier (D:\AI-Powered Resume Analyzer & Career Assistant\frontend\node_modules\@babel\parser\lib\index.js:7584:16)
      at TypeScriptParserMixin.checkIdentifier (D:\AI-Powered Resume Analyzer & Career Assistant\frontend\node_modules\@babel\parser\lib\index.js:7580:12)
      at TypeScriptParserMixin.checkLVal (D:\AI-Powered Resume Analyzer & Career Assistant\frontend\node_modules\@babel\parser\lib\index.js:7517:12)
      at TypeScriptParserMixin.parseVarId (D:\AI-Powered Resume Analyzer & Career Assistant\frontend\node_modules\@babel\parser\lib\index.js:13429:10)
      at TypeScriptParserMixin.parseVarId (D:\AI-Powered Resume Analyzer & Career Assistant\frontend\node_modules\@babel\parser\lib\index.js:9769:11)
      at TypeScriptParserMixin.parseVar (D:\AI-Powered Resume Analyzer & Career Assistant\frontend\node_modules\@babel\parser\lib\index.js:13400:12)
      at TypeScriptParserMixin.parseVarStatement (D:\AI-Powered Resume Analyzer & Career Assistant\frontend\node_modules\@babel\parser\lib\index.js:13247:10)
      at TypeScriptParserMixin.parseVarStatement (D:\AI-Powered Resume Analyzer & Career Assistant\frontend\node_modules\@babel\parser\lib\index.js:9425:31)
      at TypeScriptParserMixin.parseStatementContent (D:\AI-Powered Resume Analyzer & Career Assistant\frontend\node_modules\@babel\parser\lib\index.js:12868:23)
      at TypeScriptParserMixin.parseStatementContent (D:\AI-Powered Resume Analyzer & Career Assistant\frontend\node_modules\@babel\parser\lib\index.js:9525:18)
      at TypeScriptParserMixin.parseStatementLike (D:\AI-Powered Resume Analyzer & Career Assistant\frontend\node_modules\@babel\parser\lib\index.js:12784:17)
      at TypeScriptParserMixin.parseStatementListItem (D:\AI-Powered Resume Analyzer & Career Assistant\frontend\node_modules\@babel\parser\lib\index.js:12764:17)
      at TypeScriptParserMixin.parseBlockOrModuleBlockBody (D:\AI-Powered Resume Analyzer & Career Assistant\frontend\node_modules\@babel\parser\lib\index.js:13333:61)
      at TypeScriptParserMixin.parseBlockBody (D:\AI-Powered Resume Analyzer & Career Assistant\frontend\node_modules\@babel\parser\lib\index.js:13326:10)
      at TypeScriptParserMixin.parseBlock (D:\AI-Powered Resume Analyzer & Career Assistant\frontend\node_modules\@babel\parser\lib\index.js:13314:10)
      at TypeScriptParserMixin.parseTryStatement (D:\AI-Powered Resume Analyzer & Career Assistant\frontend\node_modules\@babel\parser\lib\index.js:13222:23)
      at TypeScriptParserMixin.parseStatementContent (D:\AI-Powered Resume Analyzer & Career Assistant\frontend\node_modules\@babel\parser\lib\index.js:12821:21)
      at TypeScriptParserMixin.parseStatementContent (D:\AI-Powered Resume Analyzer & Career Assistant\frontend\node_modules\@babel\parser\lib\index.js:9525:18)
      at TypeScriptParserMixin.parseStatementLike (D:\AI-Powered Resume Analyzer & Career Assistant\frontend\node_modules\@babel\parser\lib\index.js:12784:17)
      at TypeScriptParserMixin.parseStatementListItem (D:\AI-Powered Resume Analyzer & Career Assistant\frontend\node_modules\@babel\parser\lib\index.js:12764:17)
      at TypeScriptParserMixin.parseBlockOrModuleBlockBody (D:\AI-Powered Resume Analyzer & Career Assistant\frontend\node_modules\@babel\parser\lib\index.js:13333:61)
      at TypeScriptParserMixin.parseBlockBody (D:\AI-Powered Resume Analyzer & Career Assistant\frontend\node_modules\@babel\parser\lib\index.js:13326:10)
      at TypeScriptParserMixin.parseBlock (D:\AI-Powered Resume Analyzer & Career Assistant\frontend\node_modules\@babel\parser\lib\index.js:13314:10)
      at TypeScriptParserMixin.parseFunctionBody (D:\AI-Powered Resume Analyzer & Career Assistant\frontend\node_modules\@babel\parser\lib\index.js:12117:24)
      at TypeScriptParserMixin.parseArrowExpression (D:\AI-Powered Resume Analyzer & Career Assistant\frontend\node_modules\@babel\parser\lib\index.js:12092:10)
      at TypeScriptParserMixin.parseAsyncArrowFromCallExpression (D:\AI-Powered Resume Analyzer & Career Assistant\frontend\node_modules\@babel\parser\lib\index.js:11281:10)
      at TypeScriptParserMixin.parseAsyncArrowFromCallExpression (D:\AI-Powered Resume Analyzer & Career Assistant\frontend\node_modules\@babel\parser\lib\index.js:9783:18)
      at TypeScriptParserMixin.parseCoverCallAndAsyncArrowHead (D:\AI-Powered Resume Analyzer & Career Assistant\frontend\node_modules\@babel\parser\lib\index.js:11211:27)
      at TypeScriptParserMixin.parseSubscript (D:\AI-Powered Resume Analyzer & Career Assistant\frontend\node_modules\@babel\parser\lib\index.js:11137:19)
      at TypeScriptParserMixin.parseSubscript (D:\AI-Powered Resume Analyzer & Career Assistant\frontend\node_modules\@babel\parser\lib\index.js:9289:18)
      at TypeScriptParserMixin.parseSubscripts (D:\AI-Powered Resume Analyzer & Career Assistant\frontend\node_modules\@babel\parser\lib\index.js:11111:19)
      at TypeScriptParserMixin.parseExprSubscripts (D:\AI-Powered Resume Analyzer & Career Assistant\frontend\node_modules\@babel\parser\lib\index.js:11102:17)
      at TypeScriptParserMixin.parseUpdate (D:\AI-Powered Resume Analyzer & Career Assistant\frontend\node_modules\@babel\parser\lib\index.js:11083:21)
      at TypeScriptParserMixin.parseMaybeUnary (D:\AI-Powered Resume Analyzer & Career Assistant\frontend\node_modules\@babel\parser\lib\index.js:11063:23)
      at TypeScriptParserMixin.parseMaybeUnary (D:\AI-Powered Resume Analyzer & Career Assistant\frontend\node_modules\@babel\parser\lib\index.js:9854:18)
      at TypeScriptParserMixin.parseMaybeUnaryOrPrivate (D:\AI-Powered Resume Analyzer & Career Assistant\frontend\node_modules\@babel\parser\lib\index.js:10916:61)
      at TypeScriptParserMixin.parseExprOps (D:\AI-Powered Resume Analyzer & Career Assistant\frontend\node_modules\@babel\parser\lib\index.js:10921:23)
      at TypeScriptParserMixin.parseMaybeConditional (D:\AI-Powered Resume Analyzer & Career Assistant\frontend\node_modules\@babel\parser\lib\index.js:10898:23)
      at TypeScriptParserMixin.parseMaybeAssign (D:\AI-Powered Resume Analyzer & Career Assistant\frontend\node_modules\@babel\parser\lib\index.js:10848:21)
      at TypeScriptParserMixin.parseMaybeAssign (D:\AI-Powered Resume Analyzer & Career Assistant\frontend\node_modules\@babel\parser\lib\index.js:9803:20)
      at D:\AI-Powered Resume Analyzer & Career Assistant\frontend\node_modules\@babel\parser\lib\index.js:10817:39
      at TypeScriptParserMixin.allowInAnd (D:\AI-Powered Resume Analyzer & Career Assistant\frontend\node_modules\@babel\parser\lib\index.js:12438:16)
      at TypeScriptParserMixin.parseMaybeAssignAllowIn (D:\AI-Powered Resume Analyzer & Career Assistant\frontend\node_modules\@babel\parser\lib\index.js:10817:17)
      at TypeScriptParserMixin.parseVar (D:\AI-Powered Resume Analyzer & Career Assistant\frontend\node_modules\@babel\parser\lib\index.js:13401:91)
      at TypeScriptParserMixin.parseVarStatement (D:\AI-Powered Resume Analyzer & Career Assistant\frontend\node_modules\@babel\parser\lib\index.js:13247:10)
